// Jest Snapshot v1, https://goo.gl/fbAQLP

exports[`CreateRequestPage should render CreateRequestPage correctly 1`] = `
<div
  className="create__request"
>
  <div>
    <div>
      <h1
        className="create__request-title"
      >
        Add Request
      </h1>
    </div>
  </div>
  <div
    className="content-container"
  >
    <Connect(RequestForm)
      onSubmit={[Function]}
    />
  </div>
</div>
`;

exports[`CreateRequestPage should render connected component 1`] = `
<CreateRequestPage
  history={
    Object {
      "push": [MockFunction],
    }
  }
  startCreateRequest={[Function]}
  store={
    Object {
      "clearActions": [Function],
      "dispatch": [Function],
      "getActions": [Function],
      "getState": [Function],
      "replaceReducer": [Function],
      "subscribe": [Function],
    }
  }
/>
`;
