// Jest Snapshot v1, https://goo.gl/fbAQLP

exports[`Landing Page should correctly render LandingPage 1`] = `
<div>
  <Header />
  <div
    className="landing__image"
  >
    <div
      className="landing__quote"
    >
      <h1>
        No need to wait till something breaks
      </h1>
    </div>
    <div
      className="landing__button"
    >
      <Link
        replace={false}
        to="/login"
      >
        <Button
          className="button button--login"
          text="login"
          type="button"
        />
      </Link>
      <Link
        replace={false}
        to="/signup"
      >
        <Button
          className="button button--signup"
          text="create your account"
          type="button"
        />
      </Link>
    </div>
  </div>
</div>
`;
